# mirage/irmin
Irmin is a distributed database that follows the same design principles as Git

## Pull Requests

### Opened (and not merged in same time frame)

 - [Small fix](https://github.com/mirage/irmin) by @Bactrian

   (created: 2021-02-01T00:00:00Z, reviewed by: @Dromedary)


### Merged

 - [Smaller fix](https://github.com/mirage/irmin) by @Bactrian

   (merged: 2021-02-01T00:00:02Z, reviewed by: @Dromedary)


## Issues

- [Small bug](https://github.com/mirage/irmin) by @Dromedary

   (created: 2021-01-27T00:00:00Z)
